// Jest Snapshot v1, https://goo.gl/fbAQLP

exports[`<Typography /> tests Should match with the component snapshot 1`] = `
<DocumentFragment>
  <p
    class="typography typography--regular typography--text"
  >
    Hello World
  </p>
</DocumentFragment>
`;
