// Jest Snapshot v1, https://goo.gl/fbAQLP

exports[`<Layout /> tests Should match with the component snapshot 1`] = `
<DocumentFragment>
  <div
    class="layout"
  >
    <header />
    <main>
      Hello World
    </main>
    <footer />
  </div>
</DocumentFragment>
`;
